2026年 6月27日 星期六 01时21分50秒 CST
